A:\> python
>>> import pythoncom
>>> pythoncom.CreateGuid()
<iid:{1BA63CC0-7CF8-11D4-98D8-BB74DD3DDE3C}>




A:\>python comserver.py
Registered: PythonServers.MyServer

A:\>python comserver-test.py
Hello COM server world [1, 1]
64
1.0
Hello COM server world [2, 1]
144
1.0
Hello COM server world [3, 1]
144
1.0

A:\>python comserver.py --unregister
Unregistered: PythonServers.MyServer





# after unregistered

A:\>python comserver-test.py
Hello COM server world [1, 1]
64
1.0
Traceback (innermost last):
  File "comserver-test.py", line 21, in ?
    testViaCom()                                     # com object retains
  File "comserver-test.py", line 14, in testViaCom
    server = Dispatch('PythonServers.MyServer')      # use Windows registr
  ...
pywintypes.com_error: (-2147221005, 'Invalid class string', None, None)
